SCS: qwertyuiopasdfghjklzxcvbnmqwertyuiop
SCS Length: 36